// Jest Snapshot v1, https://goo.gl/fbAQLP

exports[`test Painter.js should test addNewMessage when add message in empty list 1`] = `
<div
  id="message-list"
/>
`;

exports[`test Painter.js should test addNewMessage when add message in empty list 2`] = `
<div
  id="message-list"
>
  <div
    class="message"
  >
    <p>
      mock-message-1
       남은시간: 
      <span
        class="message-time"
      >
        10
      </span>
    </p>
    <p
      class="message-controller"
    >
      <select
        class="time-plus-select"
      >
        <option
          value="3"
        >
          3초
        </option>
        <option
          value="5"
        >
          5초
        </option>
        <option
          value="2-times"
        >
          2배
        </option>
        <option
          value="3-times"
        >
          3배
        </option>
      </select>
      <button
        class="time-plus-btn"
      >
        시간 추가
      </button>
      <select
        class="time-minus-select"
      >
        <option
          value="-3"
        >
          -3초
        </option>
        <option
          value="-5"
        >
          -5초
        </option>
      </select>
      <button
        class="time-minus-btn"
      >
        시간 감소
      </button>
      <button
        class="message-delete-btn"
      >
        삭제
      </button>
    </p>
  </div>
</div>
`;

exports[`test Painter.js should test addNewMessage when add message in last index of list 1`] = `
<div
  id="message-list"
>
  <div
    class="message"
  >
    <p>
      mock-message-1
       남은시간: 
      <span
        class="message-time"
      >
        10
      </span>
    </p>
    <p
      class="message-controller"
    >
      <select
        class="time-plus-select"
      >
        <option
          value="3"
        >
          3초
        </option>
        <option
          value="5"
        >
          5초
        </option>
        <option
          value="2-times"
        >
          2배
        </option>
        <option
          value="3-times"
        >
          3배
        </option>
      </select>
      <button
        class="time-plus-btn"
      >
        시간 추가
      </button>
      <select
        class="time-minus-select"
      >
        <option
          value="-3"
        >
          -3초
        </option>
        <option
          value="-5"
        >
          -5초
        </option>
      </select>
      <button
        class="time-minus-btn"
      >
        시간 감소
      </button>
      <button
        class="message-delete-btn"
      >
        삭제
      </button>
    </p>
  </div>
</div>
`;

exports[`test Painter.js should test addNewMessage when add message in last index of list 2`] = `
<div
  id="message-list"
>
  <div
    class="message"
  >
    <p>
      mock-message-1
       남은시간: 
      <span
        class="message-time"
      >
        10
      </span>
    </p>
    <p
      class="message-controller"
    >
      <select
        class="time-plus-select"
      >
        <option
          value="3"
        >
          3초
        </option>
        <option
          value="5"
        >
          5초
        </option>
        <option
          value="2-times"
        >
          2배
        </option>
        <option
          value="3-times"
        >
          3배
        </option>
      </select>
      <button
        class="time-plus-btn"
      >
        시간 추가
      </button>
      <select
        class="time-minus-select"
      >
        <option
          value="-3"
        >
          -3초
        </option>
        <option
          value="-5"
        >
          -5초
        </option>
      </select>
      <button
        class="time-minus-btn"
      >
        시간 감소
      </button>
      <button
        class="message-delete-btn"
      >
        삭제
      </button>
    </p>
  </div>
  <div
    class="message"
  >
    <p>
      mock-message-2
       남은시간: 
      <span
        class="message-time"
      >
        15
      </span>
    </p>
    <p
      class="message-controller"
    >
      <select
        class="time-plus-select"
      >
        <option
          value="3"
        >
          3초
        </option>
        <option
          value="5"
        >
          5초
        </option>
        <option
          value="2-times"
        >
          2배
        </option>
        <option
          value="3-times"
        >
          3배
        </option>
      </select>
      <button
        class="time-plus-btn"
      >
        시간 추가
      </button>
      <select
        class="time-minus-select"
      >
        <option
          value="-3"
        >
          -3초
        </option>
        <option
          value="-5"
        >
          -5초
        </option>
      </select>
      <button
        class="time-minus-btn"
      >
        시간 감소
      </button>
      <button
        class="message-delete-btn"
      >
        삭제
      </button>
    </p>
  </div>
</div>
`;

exports[`test Painter.js should test addNewMessage when add message in middle of list 1`] = `
<div
  id="message-list"
>
  <div
    class="message"
  >
    <p>
      mock-message-1
       남은시간: 
      <span
        class="message-time"
      >
        10
      </span>
    </p>
    <p
      class="message-controller"
    >
      <select
        class="time-plus-select"
      >
        <option
          value="3"
        >
          3초
        </option>
        <option
          value="5"
        >
          5초
        </option>
        <option
          value="2-times"
        >
          2배
        </option>
        <option
          value="3-times"
        >
          3배
        </option>
      </select>
      <button
        class="time-plus-btn"
      >
        시간 추가
      </button>
      <select
        class="time-minus-select"
      >
        <option
          value="-3"
        >
          -3초
        </option>
        <option
          value="-5"
        >
          -5초
        </option>
      </select>
      <button
        class="time-minus-btn"
      >
        시간 감소
      </button>
      <button
        class="message-delete-btn"
      >
        삭제
      </button>
    </p>
  </div>
  <div
    class="message"
  >
    <p>
      mock-message-2
       남은시간: 
      <span
        class="message-time"
      >
        15
      </span>
    </p>
    <p
      class="message-controller"
    >
      <select
        class="time-plus-select"
      >
        <option
          value="3"
        >
          3초
        </option>
        <option
          value="5"
        >
          5초
        </option>
        <option
          value="2-times"
        >
          2배
        </option>
        <option
          value="3-times"
        >
          3배
        </option>
      </select>
      <button
        class="time-plus-btn"
      >
        시간 추가
      </button>
      <select
        class="time-minus-select"
      >
        <option
          value="-3"
        >
          -3초
        </option>
        <option
          value="-5"
        >
          -5초
        </option>
      </select>
      <button
        class="time-minus-btn"
      >
        시간 감소
      </button>
      <button
        class="message-delete-btn"
      >
        삭제
      </button>
    </p>
  </div>
</div>
`;

exports[`test Painter.js should test addNewMessage when add message in middle of list 2`] = `
<div
  id="message-list"
>
  <div
    class="message"
  >
    <p>
      mock-message-1
       남은시간: 
      <span
        class="message-time"
      >
        10
      </span>
    </p>
    <p
      class="message-controller"
    >
      <select
        class="time-plus-select"
      >
        <option
          value="3"
        >
          3초
        </option>
        <option
          value="5"
        >
          5초
        </option>
        <option
          value="2-times"
        >
          2배
        </option>
        <option
          value="3-times"
        >
          3배
        </option>
      </select>
      <button
        class="time-plus-btn"
      >
        시간 추가
      </button>
      <select
        class="time-minus-select"
      >
        <option
          value="-3"
        >
          -3초
        </option>
        <option
          value="-5"
        >
          -5초
        </option>
      </select>
      <button
        class="time-minus-btn"
      >
        시간 감소
      </button>
      <button
        class="message-delete-btn"
      >
        삭제
      </button>
    </p>
  </div>
  <div
    class="message"
  >
    <p>
      mock-message-3
       남은시간: 
      <span
        class="message-time"
      >
        12
      </span>
    </p>
    <p
      class="message-controller"
    >
      <select
        class="time-plus-select"
      >
        <option
          value="3"
        >
          3초
        </option>
        <option
          value="5"
        >
          5초
        </option>
        <option
          value="2-times"
        >
          2배
        </option>
        <option
          value="3-times"
        >
          3배
        </option>
      </select>
      <button
        class="time-plus-btn"
      >
        시간 추가
      </button>
      <select
        class="time-minus-select"
      >
        <option
          value="-3"
        >
          -3초
        </option>
        <option
          value="-5"
        >
          -5초
        </option>
      </select>
      <button
        class="time-minus-btn"
      >
        시간 감소
      </button>
      <button
        class="message-delete-btn"
      >
        삭제
      </button>
    </p>
  </div>
  <div
    class="message"
  >
    <p>
      mock-message-2
       남은시간: 
      <span
        class="message-time"
      >
        15
      </span>
    </p>
    <p
      class="message-controller"
    >
      <select
        class="time-plus-select"
      >
        <option
          value="3"
        >
          3초
        </option>
        <option
          value="5"
        >
          5초
        </option>
        <option
          value="2-times"
        >
          2배
        </option>
        <option
          value="3-times"
        >
          3배
        </option>
      </select>
      <button
        class="time-plus-btn"
      >
        시간 추가
      </button>
      <select
        class="time-minus-select"
      >
        <option
          value="-3"
        >
          -3초
        </option>
        <option
          value="-5"
        >
          -5초
        </option>
      </select>
      <button
        class="time-minus-btn"
      >
        시간 감소
      </button>
      <button
        class="message-delete-btn"
      >
        삭제
      </button>
    </p>
  </div>
</div>
`;

exports[`test Painter.js should test removeMessage 1`] = `
<div
  id="message-list"
>
  <div
    class="message"
  >
    <p>
      mock-message-2
       남은시간: 
      <span
        class="message-time"
      >
        10
      </span>
    </p>
    <p
      class="message-controller"
    >
      <select
        class="time-plus-select"
      >
        <option
          value="3"
        >
          3초
        </option>
        <option
          value="5"
        >
          5초
        </option>
        <option
          value="2-times"
        >
          2배
        </option>
        <option
          value="3-times"
        >
          3배
        </option>
      </select>
      <button
        class="time-plus-btn"
      >
        시간 추가
      </button>
      <select
        class="time-minus-select"
      >
        <option
          value="-3"
        >
          -3초
        </option>
        <option
          value="-5"
        >
          -5초
        </option>
      </select>
      <button
        class="time-minus-btn"
      >
        시간 감소
      </button>
      <button
        class="message-delete-btn"
      >
        삭제
      </button>
    </p>
  </div>
  <div
    class="message"
  >
    <p>
      mock-message-3
       남은시간: 
      <span
        class="message-time"
      >
        20
      </span>
    </p>
    <p
      class="message-controller"
    >
      <select
        class="time-plus-select"
      >
        <option
          value="3"
        >
          3초
        </option>
        <option
          value="5"
        >
          5초
        </option>
        <option
          value="2-times"
        >
          2배
        </option>
        <option
          value="3-times"
        >
          3배
        </option>
      </select>
      <button
        class="time-plus-btn"
      >
        시간 추가
      </button>
      <select
        class="time-minus-select"
      >
        <option
          value="-3"
        >
          -3초
        </option>
        <option
          value="-5"
        >
          -5초
        </option>
      </select>
      <button
        class="time-minus-btn"
      >
        시간 감소
      </button>
      <button
        class="message-delete-btn"
      >
        삭제
      </button>
    </p>
  </div>
  <div
    class="message"
  >
    <p>
      mock-message-1
       남은시간: 
      <span
        class="message-time"
      >
        30
      </span>
    </p>
    <p
      class="message-controller"
    >
      <select
        class="time-plus-select"
      >
        <option
          value="3"
        >
          3초
        </option>
        <option
          value="5"
        >
          5초
        </option>
        <option
          value="2-times"
        >
          2배
        </option>
        <option
          value="3-times"
        >
          3배
        </option>
      </select>
      <button
        class="time-plus-btn"
      >
        시간 추가
      </button>
      <select
        class="time-minus-select"
      >
        <option
          value="-3"
        >
          -3초
        </option>
        <option
          value="-5"
        >
          -5초
        </option>
      </select>
      <button
        class="time-minus-btn"
      >
        시간 감소
      </button>
      <button
        class="message-delete-btn"
      >
        삭제
      </button>
    </p>
  </div>
</div>
`;

exports[`test Painter.js should test removeMessage 2`] = `
<div
  id="message-list"
>
  <div
    class="message"
  >
    <p>
      mock-message-2
       남은시간: 
      <span
        class="message-time"
      >
        10
      </span>
    </p>
    <p
      class="message-controller"
    >
      <select
        class="time-plus-select"
      >
        <option
          value="3"
        >
          3초
        </option>
        <option
          value="5"
        >
          5초
        </option>
        <option
          value="2-times"
        >
          2배
        </option>
        <option
          value="3-times"
        >
          3배
        </option>
      </select>
      <button
        class="time-plus-btn"
      >
        시간 추가
      </button>
      <select
        class="time-minus-select"
      >
        <option
          value="-3"
        >
          -3초
        </option>
        <option
          value="-5"
        >
          -5초
        </option>
      </select>
      <button
        class="time-minus-btn"
      >
        시간 감소
      </button>
      <button
        class="message-delete-btn"
      >
        삭제
      </button>
    </p>
  </div>
  <div
    class="message"
  >
    <p>
      mock-message-1
       남은시간: 
      <span
        class="message-time"
      >
        30
      </span>
    </p>
    <p
      class="message-controller"
    >
      <select
        class="time-plus-select"
      >
        <option
          value="3"
        >
          3초
        </option>
        <option
          value="5"
        >
          5초
        </option>
        <option
          value="2-times"
        >
          2배
        </option>
        <option
          value="3-times"
        >
          3배
        </option>
      </select>
      <button
        class="time-plus-btn"
      >
        시간 추가
      </button>
      <select
        class="time-minus-select"
      >
        <option
          value="-3"
        >
          -3초
        </option>
        <option
          value="-5"
        >
          -5초
        </option>
      </select>
      <button
        class="time-minus-btn"
      >
        시간 감소
      </button>
      <button
        class="message-delete-btn"
      >
        삭제
      </button>
    </p>
  </div>
</div>
`;

exports[`test Painter.js should test updateTime when doesn't swap message but change  1`] = `
<div
  id="message-list"
>
  <div
    class="message"
  >
    <p>
      mock-message-2
       남은시간: 
      <span
        class="message-time"
      >
        10
      </span>
    </p>
    <p
      class="message-controller"
    >
      <select
        class="time-plus-select"
      >
        <option
          value="3"
        >
          3초
        </option>
        <option
          value="5"
        >
          5초
        </option>
        <option
          value="2-times"
        >
          2배
        </option>
        <option
          value="3-times"
        >
          3배
        </option>
      </select>
      <button
        class="time-plus-btn"
      >
        시간 추가
      </button>
      <select
        class="time-minus-select"
      >
        <option
          value="-3"
        >
          -3초
        </option>
        <option
          value="-5"
        >
          -5초
        </option>
      </select>
      <button
        class="time-minus-btn"
      >
        시간 감소
      </button>
      <button
        class="message-delete-btn"
      >
        삭제
      </button>
    </p>
  </div>
  <div
    class="message"
  >
    <p>
      mock-message-3
       남은시간: 
      <span
        class="message-time"
      >
        12
      </span>
    </p>
    <p
      class="message-controller"
    >
      <select
        class="time-plus-select"
      >
        <option
          value="3"
        >
          3초
        </option>
        <option
          value="5"
        >
          5초
        </option>
        <option
          value="2-times"
        >
          2배
        </option>
        <option
          value="3-times"
        >
          3배
        </option>
      </select>
      <button
        class="time-plus-btn"
      >
        시간 추가
      </button>
      <select
        class="time-minus-select"
      >
        <option
          value="-3"
        >
          -3초
        </option>
        <option
          value="-5"
        >
          -5초
        </option>
      </select>
      <button
        class="time-minus-btn"
      >
        시간 감소
      </button>
      <button
        class="message-delete-btn"
      >
        삭제
      </button>
    </p>
  </div>
  <div
    class="message"
  >
    <p>
      mock-message-1
       남은시간: 
      <span
        class="message-time"
      >
        30
      </span>
    </p>
    <p
      class="message-controller"
    >
      <select
        class="time-plus-select"
      >
        <option
          value="3"
        >
          3초
        </option>
        <option
          value="5"
        >
          5초
        </option>
        <option
          value="2-times"
        >
          2배
        </option>
        <option
          value="3-times"
        >
          3배
        </option>
      </select>
      <button
        class="time-plus-btn"
      >
        시간 추가
      </button>
      <select
        class="time-minus-select"
      >
        <option
          value="-3"
        >
          -3초
        </option>
        <option
          value="-5"
        >
          -5초
        </option>
      </select>
      <button
        class="time-minus-btn"
      >
        시간 감소
      </button>
      <button
        class="message-delete-btn"
      >
        삭제
      </button>
    </p>
  </div>
</div>
`;

exports[`test Painter.js should test updateTime when doesn't swap message but change  2`] = `
<div
  id="message-list"
>
  <div
    class="message"
  >
    <p>
      mock-message-2
       남은시간: 
      <span
        class="message-time"
      >
        10
      </span>
    </p>
    <p
      class="message-controller"
    >
      <select
        class="time-plus-select"
      >
        <option
          value="3"
        >
          3초
        </option>
        <option
          value="5"
        >
          5초
        </option>
        <option
          value="2-times"
        >
          2배
        </option>
        <option
          value="3-times"
        >
          3배
        </option>
      </select>
      <button
        class="time-plus-btn"
      >
        시간 추가
      </button>
      <select
        class="time-minus-select"
      >
        <option
          value="-3"
        >
          -3초
        </option>
        <option
          value="-5"
        >
          -5초
        </option>
      </select>
      <button
        class="time-minus-btn"
      >
        시간 감소
      </button>
      <button
        class="message-delete-btn"
      >
        삭제
      </button>
    </p>
  </div>
  <div
    class="message"
  >
    <p>
      mock-message-3
       남은시간: 
      <span
        class="message-time"
      >
        20
      </span>
    </p>
    <p
      class="message-controller"
    >
      <select
        class="time-plus-select"
      >
        <option
          value="3"
        >
          3초
        </option>
        <option
          value="5"
        >
          5초
        </option>
        <option
          value="2-times"
        >
          2배
        </option>
        <option
          value="3-times"
        >
          3배
        </option>
      </select>
      <button
        class="time-plus-btn"
      >
        시간 추가
      </button>
      <select
        class="time-minus-select"
      >
        <option
          value="-3"
        >
          -3초
        </option>
        <option
          value="-5"
        >
          -5초
        </option>
      </select>
      <button
        class="time-minus-btn"
      >
        시간 감소
      </button>
      <button
        class="message-delete-btn"
      >
        삭제
      </button>
    </p>
  </div>
  <div
    class="message"
  >
    <p>
      mock-message-1
       남은시간: 
      <span
        class="message-time"
      >
        30
      </span>
    </p>
    <p
      class="message-controller"
    >
      <select
        class="time-plus-select"
      >
        <option
          value="3"
        >
          3초
        </option>
        <option
          value="5"
        >
          5초
        </option>
        <option
          value="2-times"
        >
          2배
        </option>
        <option
          value="3-times"
        >
          3배
        </option>
      </select>
      <button
        class="time-plus-btn"
      >
        시간 추가
      </button>
      <select
        class="time-minus-select"
      >
        <option
          value="-3"
        >
          -3초
        </option>
        <option
          value="-5"
        >
          -5초
        </option>
      </select>
      <button
        class="time-minus-btn"
      >
        시간 감소
      </button>
      <button
        class="message-delete-btn"
      >
        삭제
      </button>
    </p>
  </div>
</div>
`;

exports[`test Painter.js should test updateTime when swap message from 1 to 3 1`] = `
<div
  id="message-list"
>
  <div
    class="message"
  >
    <p>
      mock-message-1
       남은시간: 
      <span
        class="message-time"
      >
        10
      </span>
    </p>
    <p
      class="message-controller"
    >
      <select
        class="time-plus-select"
      >
        <option
          value="3"
        >
          3초
        </option>
        <option
          value="5"
        >
          5초
        </option>
        <option
          value="2-times"
        >
          2배
        </option>
        <option
          value="3-times"
        >
          3배
        </option>
      </select>
      <button
        class="time-plus-btn"
      >
        시간 추가
      </button>
      <select
        class="time-minus-select"
      >
        <option
          value="-3"
        >
          -3초
        </option>
        <option
          value="-5"
        >
          -5초
        </option>
      </select>
      <button
        class="time-minus-btn"
      >
        시간 감소
      </button>
      <button
        class="message-delete-btn"
      >
        삭제
      </button>
    </p>
  </div>
  <div
    class="message"
  >
    <p>
      mock-message-3
       남은시간: 
      <span
        class="message-time"
      >
        12
      </span>
    </p>
    <p
      class="message-controller"
    >
      <select
        class="time-plus-select"
      >
        <option
          value="3"
        >
          3초
        </option>
        <option
          value="5"
        >
          5초
        </option>
        <option
          value="2-times"
        >
          2배
        </option>
        <option
          value="3-times"
        >
          3배
        </option>
      </select>
      <button
        class="time-plus-btn"
      >
        시간 추가
      </button>
      <select
        class="time-minus-select"
      >
        <option
          value="-3"
        >
          -3초
        </option>
        <option
          value="-5"
        >
          -5초
        </option>
      </select>
      <button
        class="time-minus-btn"
      >
        시간 감소
      </button>
      <button
        class="message-delete-btn"
      >
        삭제
      </button>
    </p>
  </div>
  <div
    class="message"
  >
    <p>
      mock-message-2
       남은시간: 
      <span
        class="message-time"
      >
        15
      </span>
    </p>
    <p
      class="message-controller"
    >
      <select
        class="time-plus-select"
      >
        <option
          value="3"
        >
          3초
        </option>
        <option
          value="5"
        >
          5초
        </option>
        <option
          value="2-times"
        >
          2배
        </option>
        <option
          value="3-times"
        >
          3배
        </option>
      </select>
      <button
        class="time-plus-btn"
      >
        시간 추가
      </button>
      <select
        class="time-minus-select"
      >
        <option
          value="-3"
        >
          -3초
        </option>
        <option
          value="-5"
        >
          -5초
        </option>
      </select>
      <button
        class="time-minus-btn"
      >
        시간 감소
      </button>
      <button
        class="message-delete-btn"
      >
        삭제
      </button>
    </p>
  </div>
</div>
`;

exports[`test Painter.js should test updateTime when swap message from 1 to 3 2`] = `
<div
  id="message-list"
>
  <div
    class="message"
  >
    <p>
      mock-message-3
       남은시간: 
      <span
        class="message-time"
      >
        12
      </span>
    </p>
    <p
      class="message-controller"
    >
      <select
        class="time-plus-select"
      >
        <option
          value="3"
        >
          3초
        </option>
        <option
          value="5"
        >
          5초
        </option>
        <option
          value="2-times"
        >
          2배
        </option>
        <option
          value="3-times"
        >
          3배
        </option>
      </select>
      <button
        class="time-plus-btn"
      >
        시간 추가
      </button>
      <select
        class="time-minus-select"
      >
        <option
          value="-3"
        >
          -3초
        </option>
        <option
          value="-5"
        >
          -5초
        </option>
      </select>
      <button
        class="time-minus-btn"
      >
        시간 감소
      </button>
      <button
        class="message-delete-btn"
      >
        삭제
      </button>
    </p>
  </div>
  <div
    class="message"
  >
    <p>
      mock-message-2
       남은시간: 
      <span
        class="message-time"
      >
        15
      </span>
    </p>
    <p
      class="message-controller"
    >
      <select
        class="time-plus-select"
      >
        <option
          value="3"
        >
          3초
        </option>
        <option
          value="5"
        >
          5초
        </option>
        <option
          value="2-times"
        >
          2배
        </option>
        <option
          value="3-times"
        >
          3배
        </option>
      </select>
      <button
        class="time-plus-btn"
      >
        시간 추가
      </button>
      <select
        class="time-minus-select"
      >
        <option
          value="-3"
        >
          -3초
        </option>
        <option
          value="-5"
        >
          -5초
        </option>
      </select>
      <button
        class="time-minus-btn"
      >
        시간 감소
      </button>
      <button
        class="message-delete-btn"
      >
        삭제
      </button>
    </p>
  </div>
  <div
    class="message"
  >
    <p>
      mock-message-1
       남은시간: 
      <span
        class="message-time"
      >
        30
      </span>
    </p>
    <p
      class="message-controller"
    >
      <select
        class="time-plus-select"
      >
        <option
          value="3"
        >
          3초
        </option>
        <option
          value="5"
        >
          5초
        </option>
        <option
          value="2-times"
        >
          2배
        </option>
        <option
          value="3-times"
        >
          3배
        </option>
      </select>
      <button
        class="time-plus-btn"
      >
        시간 추가
      </button>
      <select
        class="time-minus-select"
      >
        <option
          value="-3"
        >
          -3초
        </option>
        <option
          value="-5"
        >
          -5초
        </option>
      </select>
      <button
        class="time-minus-btn"
      >
        시간 감소
      </button>
      <button
        class="message-delete-btn"
      >
        삭제
      </button>
    </p>
  </div>
</div>
`;

exports[`test Painter.js should test updateTime when swap message from 2 to 1 1`] = `
<div
  id="message-list"
>
  <div
    class="message"
  >
    <p>
      mock-message-3
       남은시간: 
      <span
        class="message-time"
      >
        12
      </span>
    </p>
    <p
      class="message-controller"
    >
      <select
        class="time-plus-select"
      >
        <option
          value="3"
        >
          3초
        </option>
        <option
          value="5"
        >
          5초
        </option>
        <option
          value="2-times"
        >
          2배
        </option>
        <option
          value="3-times"
        >
          3배
        </option>
      </select>
      <button
        class="time-plus-btn"
      >
        시간 추가
      </button>
      <select
        class="time-minus-select"
      >
        <option
          value="-3"
        >
          -3초
        </option>
        <option
          value="-5"
        >
          -5초
        </option>
      </select>
      <button
        class="time-minus-btn"
      >
        시간 감소
      </button>
      <button
        class="message-delete-btn"
      >
        삭제
      </button>
    </p>
  </div>
  <div
    class="message"
  >
    <p>
      mock-message-2
       남은시간: 
      <span
        class="message-time"
      >
        15
      </span>
    </p>
    <p
      class="message-controller"
    >
      <select
        class="time-plus-select"
      >
        <option
          value="3"
        >
          3초
        </option>
        <option
          value="5"
        >
          5초
        </option>
        <option
          value="2-times"
        >
          2배
        </option>
        <option
          value="3-times"
        >
          3배
        </option>
      </select>
      <button
        class="time-plus-btn"
      >
        시간 추가
      </button>
      <select
        class="time-minus-select"
      >
        <option
          value="-3"
        >
          -3초
        </option>
        <option
          value="-5"
        >
          -5초
        </option>
      </select>
      <button
        class="time-minus-btn"
      >
        시간 감소
      </button>
      <button
        class="message-delete-btn"
      >
        삭제
      </button>
    </p>
  </div>
  <div
    class="message"
  >
    <p>
      mock-message-1
       남은시간: 
      <span
        class="message-time"
      >
        30
      </span>
    </p>
    <p
      class="message-controller"
    >
      <select
        class="time-plus-select"
      >
        <option
          value="3"
        >
          3초
        </option>
        <option
          value="5"
        >
          5초
        </option>
        <option
          value="2-times"
        >
          2배
        </option>
        <option
          value="3-times"
        >
          3배
        </option>
      </select>
      <button
        class="time-plus-btn"
      >
        시간 추가
      </button>
      <select
        class="time-minus-select"
      >
        <option
          value="-3"
        >
          -3초
        </option>
        <option
          value="-5"
        >
          -5초
        </option>
      </select>
      <button
        class="time-minus-btn"
      >
        시간 감소
      </button>
      <button
        class="message-delete-btn"
      >
        삭제
      </button>
    </p>
  </div>
</div>
`;

exports[`test Painter.js should test updateTime when swap message from 2 to 1 2`] = `
<div
  id="message-list"
>
  <div
    class="message"
  >
    <p>
      mock-message-2
       남은시간: 
      <span
        class="message-time"
      >
        10
      </span>
    </p>
    <p
      class="message-controller"
    >
      <select
        class="time-plus-select"
      >
        <option
          value="3"
        >
          3초
        </option>
        <option
          value="5"
        >
          5초
        </option>
        <option
          value="2-times"
        >
          2배
        </option>
        <option
          value="3-times"
        >
          3배
        </option>
      </select>
      <button
        class="time-plus-btn"
      >
        시간 추가
      </button>
      <select
        class="time-minus-select"
      >
        <option
          value="-3"
        >
          -3초
        </option>
        <option
          value="-5"
        >
          -5초
        </option>
      </select>
      <button
        class="time-minus-btn"
      >
        시간 감소
      </button>
      <button
        class="message-delete-btn"
      >
        삭제
      </button>
    </p>
  </div>
  <div
    class="message"
  >
    <p>
      mock-message-3
       남은시간: 
      <span
        class="message-time"
      >
        12
      </span>
    </p>
    <p
      class="message-controller"
    >
      <select
        class="time-plus-select"
      >
        <option
          value="3"
        >
          3초
        </option>
        <option
          value="5"
        >
          5초
        </option>
        <option
          value="2-times"
        >
          2배
        </option>
        <option
          value="3-times"
        >
          3배
        </option>
      </select>
      <button
        class="time-plus-btn"
      >
        시간 추가
      </button>
      <select
        class="time-minus-select"
      >
        <option
          value="-3"
        >
          -3초
        </option>
        <option
          value="-5"
        >
          -5초
        </option>
      </select>
      <button
        class="time-minus-btn"
      >
        시간 감소
      </button>
      <button
        class="message-delete-btn"
      >
        삭제
      </button>
    </p>
  </div>
  <div
    class="message"
  >
    <p>
      mock-message-1
       남은시간: 
      <span
        class="message-time"
      >
        30
      </span>
    </p>
    <p
      class="message-controller"
    >
      <select
        class="time-plus-select"
      >
        <option
          value="3"
        >
          3초
        </option>
        <option
          value="5"
        >
          5초
        </option>
        <option
          value="2-times"
        >
          2배
        </option>
        <option
          value="3-times"
        >
          3배
        </option>
      </select>
      <button
        class="time-plus-btn"
      >
        시간 추가
      </button>
      <select
        class="time-minus-select"
      >
        <option
          value="-3"
        >
          -3초
        </option>
        <option
          value="-5"
        >
          -5초
        </option>
      </select>
      <button
        class="time-minus-btn"
      >
        시간 감소
      </button>
      <button
        class="message-delete-btn"
      >
        삭제
      </button>
    </p>
  </div>
</div>
`;
